// Jest Snapshot v1, https://goo.gl/fbAQLP

exports[`matches the bookshelf contract with final snapshot 1`] = `
<div
  className="bookshelf"
>
  <h2
    className="bookshelf-title"
  />
  <div
    className="bookshelf-books"
  >
    <ol
      className="books-grid"
    />
  </div>
</div>
`;

exports[`matches the changer contract with final snapshot 1`] = `
<div
  className="book-shelf-changer"
>
  <select
    defaultValue="read"
    onChange={[Function]}
  >
    <option
      disabled={true}
      value="move"
    >
      Move to...
    </option>
    <option
      value="currentlyReading"
    >
      Currently Reading
    </option>
    <option
      value="wantToRead"
    >
      Want to Read
    </option>
    <option
      value="read"
    >
      Read
    </option>
    <option
      value="none"
    >
      None
    </option>
  </select>
</div>
`;

exports[`matches the contract with final snapshot 1`] = `
<div
  className="app"
>
  <div
    className="list-books"
  >
    <div
      className="list-books-title"
    >
      <h1>
        MyReads
      </h1>
    </div>
    <div
      className="list-books-content"
    >
      <div>
        <div
          className="bookshelf"
        >
          <h2
            className="bookshelf-title"
          >
            Currently Reading
          </h2>
          <div
            className="bookshelf-books"
          >
            <ol
              className="books-grid"
            />
          </div>
        </div>
        <div
          className="bookshelf"
        >
          <h2
            className="bookshelf-title"
          >
            Want to Read
          </h2>
          <div
            className="bookshelf-books"
          >
            <ol
              className="books-grid"
            />
          </div>
        </div>
        <div
          className="bookshelf"
        >
          <h2
            className="bookshelf-title"
          >
            Read
          </h2>
          <div
            className="bookshelf-books"
          >
            <ol
              className="books-grid"
            />
          </div>
        </div>
      </div>
    </div>
    <div
      className="open-search"
    >
      <a
        href="/search"
        onClick={[Function]}
      >
        Add a book
      </a>
    </div>
  </div>
</div>
`;

exports[`matches the search contract with final snapshot 1`] = `
<div
  className="search-books"
>
  <div
    className="search-books-bar"
  >
    <a
      className="close-search"
      href="/"
      onClick={[Function]}
    >
      Close
    </a>
    <div
      className="search-books-input-wrapper"
    >
      <input
        onChange={[Function]}
        placeholder="Search by title or author"
        type="text"
        value=""
      />
    </div>
  </div>
  <div
    className="search-books-results"
  >
    <ol
      className="books-grid"
    >
      <div>
        Books will appear here
      </div>
    </ol>
  </div>
</div>
`;
